// Jest Snapshot v1, https://goo.gl/fbAQLP

exports[`Tracks Component renders correctly 1`] = `
<DocumentFragment>
  <h2
    class="centerblockH2"
  >
    My Playlist
  </h2>
  <div
    class="centerblockFilter"
  >
    <div
      class="filterTitle"
    >
      Искать по:
    </div>
    <div>
      <div
        class="filterBlock"
      >
        <div
          class="filterButton btnText"
        >
          author
        </div>
      </div>
    </div>
    <div>
      <div
        class="filterBlock"
      >
        <div
          class="filterButton btnText"
        >
          genre
        </div>
      </div>
    </div>
    <div>
      <div
        class="filterBlock"
      >
        <div
          class="filterButton btnText"
        >
          году выпуска
        </div>
      </div>
    </div>
  </div>
  <div
    class="centerblockContent"
  >
    <div
      class="contentTitle"
    >
      <div
        class="playlistTitleCol col01"
      >
        Трек
      </div>
      <div
        class="playlistTitleCol col02"
      >
        Исполнитель
      </div>
      <div
        class="playlistTitleCol col03"
      >
        Альбом
      </div>
      <div
        class="playlistTitleCol col04"
      >
        <svg
          class="playlistTitleSvg"
        >
          <use
            xlink:href="/sprite.svg#icon-watch"
          />
        </svg>
      </div>
    </div>
    <div
      class="contentPlaylist"
    >
      <div
        class="playlistItem"
      >
        <div
          class="playlistTrack"
        >
          <div
            class="trackTitle"
          >
            <div
              class="trackTitleImage"
            >
              <svg
                class="trackTitleSvg"
              >
                <use
                  xlink:href="/sprite.svg#icon-note"
                />
              </svg>
            </div>
            <div>
              <a
                class="trackTitleLink"
              >
                 
                <span
                  class="trackTitleSpan"
                />
              </a>
            </div>
          </div>
          <div
            class="trackAuthor"
          >
            <a
              class="trackAuthorLink"
            >
              Artist 1
            </a>
          </div>
          <div
            class="trackAlbum"
          >
            <a
              class="trackAlbumLink"
            >
              Album 1
            </a>
          </div>
          <div>
            <svg
              class="trackTimeSvg"
            >
              <use
                xlink:href="/sprite.svg#icon-like"
              />
            </svg>
            <span
              class="trackTimeText"
            >
              03:45
            </span>
          </div>
        </div>
      </div>
      <div
        class="playlistItem"
      >
        <div
          class="playlistTrack"
        >
          <div
            class="trackTitle"
          >
            <div
              class="trackTitleImage"
            >
              <svg
                class="trackTitleSvg"
              >
                <use
                  xlink:href="/sprite.svg#icon-note"
                />
              </svg>
            </div>
            <div>
              <a
                class="trackTitleLink"
              >
                 
                <span
                  class="trackTitleSpan"
                />
              </a>
            </div>
          </div>
          <div
            class="trackAuthor"
          >
            <a
              class="trackAuthorLink"
            >
              Artist 2
            </a>
          </div>
          <div
            class="trackAlbum"
          >
            <a
              class="trackAlbumLink"
            >
              Album 2
            </a>
          </div>
          <div>
            <svg
              class="trackTimeSvg"
            >
              <use
                xlink:href="/sprite.svg#icon-like"
              />
            </svg>
            <span
              class="trackTimeText"
            >
              04:20
            </span>
          </div>
        </div>
      </div>
    </div>
  </div>
</DocumentFragment>
`;
